
Discarded input sections

 .reginfo       0x0000000000000000       0x18 _syscall.o
 .reginfo       0x0000000000000000       0x18 lib.o
 .reginfo       0x0000000000000000       0x18 halt.o

Memory Configuration

Name             Origin             Length             Attributes
*default*        0x0000000000000000 0xffffffffffffffff

Linker script and memory map

                0x0000000000001000                . = 0x1000

ro_segment      0x0000000000001000      0x490
 *(.text .rodata .rodata.*)
 .text          0x0000000000001000       0x24 crt.o
                0x0000000000001000                _start
                0x0000000000001018                __main
 .text          0x0000000000001024        0xc _syscall.o
                0x0000000000001024                _syscall
 .text          0x0000000000001030      0x42c lib.o
                0x0000000000001030                syscall_halt
                0x0000000000001070                syscall_exec
                0x00000000000010b8                syscall_execp
                0x0000000000001114                syscall_exit
                0x000000000000115c                syscall_join
                0x00000000000011a4                syscall_fork
                0x00000000000011f4                syscall_memlimit
                0x000000000000123c                syscall_open
                0x0000000000001284                syscall_close
                0x00000000000012cc                syscall_read
                0x0000000000001320                syscall_seek
                0x0000000000001370                syscall_write
                0x00000000000013c4                syscall_create
                0x0000000000001414                syscall_delete
 .text          0x000000000000145c       0x34 halt.o
                0x000000000000145c                main

rw_segment      0x0000000000002000        0x0
 *(.data .bss COMMON)
 .data          0x0000000000002000        0x0 crt.o
 .bss           0x0000000000002000        0x0 crt.o
 .data          0x0000000000002000        0x0 _syscall.o
 .bss           0x0000000000002000        0x0 _syscall.o
 .data          0x0000000000002000        0x0 lib.o
 .bss           0x0000000000002000        0x0 lib.o
 .data          0x0000000000002000        0x0 halt.o
 .bss           0x0000000000002000        0x0 halt.o
                0x0000000000002000                BINARY_ENDS_HERE = .
LOAD crt.o
LOAD _syscall.o
LOAD lib.o
LOAD halt.o
OUTPUT(halt elf32-bigmips)

.reginfo        0x0000000000000000       0x18
 .reginfo       0x0000000000000000       0x18 crt.o

.pdr            0x0000000000000000      0x240
 .pdr           0x0000000000000000       0x40 crt.o
 .pdr           0x0000000000000040       0x20 _syscall.o
 .pdr           0x0000000000000060      0x1c0 lib.o
 .pdr           0x0000000000000220       0x20 halt.o

.mdebug.abi32   0x0000000000000000        0x0
 .mdebug.abi32  0x0000000000000000        0x0 lib.o
 .mdebug.abi32  0x0000000000000000        0x0 halt.o

.comment        0x0000000000000000       0x11
 .comment       0x0000000000000000       0x11 lib.o
                                         0x12 (size before relaxing)
 .comment       0x0000000000000000       0x12 halt.o

Cross Reference Table

Symbol                                            File
__main                                            crt.o
_start                                            crt.o
_syscall                                          _syscall.o
                                                  lib.o
main                                              halt.o
                                                  crt.o
syscall_close                                     lib.o
syscall_create                                    lib.o
syscall_delete                                    lib.o
syscall_exec                                      lib.o
syscall_execp                                     lib.o
syscall_exit                                      lib.o
syscall_fork                                      lib.o
syscall_halt                                      lib.o
                                                  halt.o
syscall_join                                      lib.o
syscall_memlimit                                  lib.o
syscall_open                                      lib.o
syscall_read                                      lib.o
syscall_seek                                      lib.o
syscall_write                                     lib.o
